MSBuild version 17.14.40+3e7442088 for .NET Framework

  Zycore.vcxproj -> C:\Workspaces\Mine\files\build\_deps\zydis-build\zycore\Release\Zycore.lib
  Zydis.vcxproj -> C:\Workspaces\Mine\files\build\_deps\zydis-build\Release\Zydis.lib
  guided_executor.vcxproj -> C:\Workspaces\Mine\files\build\Release\guided_executor.exe
  test_runner.vcxproj -> C:\Workspaces\Mine\files\build\Release\test_runner.exe
